<html>
<body>
<pre>
<h1>µVision Build Log</h1>
<h2>Tool Versions:</h2>
IDE-Version: ¦ÌVision V5.35.0.0
Copyright (C) 2021 ARM Ltd and ARM Germany GmbH. All rights reserved.
License Information: 1 DELL, 1, LIC=WHYH9-4NAT8-RAJDM-X055T-11VVH-DCP8B
 
Tool Versions:
Toolchain:       MDK-ARM Plus  Version: 5.35.0.2
Toolchain Path:  F:\_Keil_5\ARM\ARMCC\Bin
C Compiler:      Armcc.exe V5.06 update 7 (build 960)
Assembler:       Armasm.exe V5.06 update 7 (build 960)
Linker/Locator:  ArmLink.exe V5.06 update 7 (build 960)
Library Manager: ArmAr.exe V5.06 update 7 (build 960)
Hex Converter:   FromElf.exe V5.06 update 7 (build 960)
CPU DLL:         SARMCM3.DLL V5.35.0.2
Dialog DLL:      DCM.DLL V1.17.3.0
Target DLL:      CMSIS_AGDI.dll V1.33.0.0
Dialog DLL:      TCM.DLL V1.53.0.0
 
<h2>Project:</h2>
C:\Users\DELL\Desktop\BlueContest\_Province\Province_Contect\13_Province\MDK-ARM\13_Province.uvprojx
Project File Date:  04/08/2024

<h2>Output:</h2>
*** Using Compiler 'V5.06 update 7 (build 960)', folder: 'F:\_Keil_5\ARM\ARMCC\Bin'
Build target '13_Province'
compiling main.c...
../Core/Src/main.c(107): warning:  #167-D: argument of type "unsigned char *" is incompatible with parameter of type "const char *"
  			HAL_UART_Transmit(&huart1,Buy,strlen(Buy),0xffff);
../Core/Src/main.c(119): warning:  #1035-D: single-precision operand implicitly converted to double-precision
  			if(Store_Price[0]>=1.95)
../Core/Src/main.c(125): warning:  #1035-D: single-precision operand implicitly converted to double-precision
  				Store_Price[0]+=0.1;
../Core/Src/main.c(131): warning:  #1035-D: single-precision operand implicitly converted to double-precision
  			if(Store_Price[1]>=1.95)
../Core/Src/main.c(137): warning:  #1035-D: single-precision operand implicitly converted to double-precision
  				Store_Price[1]+=0.1;
../Core/Src/main.c(167): warning:  #167-D: argument of type "unsigned char *" is incompatible with parameter of type "const char *"
  			HAL_UART_Transmit(&huart1,Buy,strlen(Buy),0xffff);
../Core/Src/main.c(170): warning:  #167-D: argument of type "unsigned char *" is incompatible with parameter of type "const char *"
  		memset(rx,0,strlen(rx));
../Core/Src/main.c: 7 warnings, 0 errors
linking...
Program Size: Code=20620 RO-data=5128 RW-data=76 ZI-data=1420  
FromELF: creating hex file...
"13_Province\13_Province.axf" - 0 Error(s), 7 Warning(s).

<h2>Software Packages used:</h2>

Package Vendor: ARM
                http://www.keil.com/pack/ARM.CMSIS.5.8.0.pack
                ARM.CMSIS.5.8.0
                CMSIS (Common Microcontroller Software Interface Standard)
   * Component: CORE Version: 5.5.0

Package Vendor: Keil
                https://www.keil.com/pack/Keil.STM32G4xx_DFP.1.5.0.pack
                Keil.STM32G4xx_DFP.1.5.0
                STMicroelectronics STM32G4 Series Device Support, Drivers and Examples

<h2>Collection of Component include folders:</h2>
  .\RTE\_13_Province
  F:\_Keil_5\ARM\CMSIS\5.8.0\CMSIS\Core\Include
  F:\_Keil_5\Keil\STM32G4xx_DFP\1.5.0\Drivers\CMSIS\Device\ST\STM32G4xx\Include

<h2>Collection of Component Files used:</h2>

   * Component: ARM::CMSIS:CORE:5.5.0
      Include file:  CMSIS\Core\Include\tz_context.h
Build Time Elapsed:  00:00:01
</pre>
</body>
</html>
