<html>
<body>
<pre>
<h1>µVision Build Log</h1>
<h2>Tool Versions:</h2>
IDE-Version: ¦ÌVision V5.35.0.0
Copyright (C) 2021 ARM Ltd and ARM Germany GmbH. All rights reserved.
License Information: 1 DELL, 1, LIC=WHYH9-4NAT8-RAJDM-X055T-11VVH-DCP8B
 
Tool Versions:
Toolchain:       MDK-ARM Plus  Version: 5.35.0.2
Toolchain Path:  F:\_Keil_5\ARM\ARMCC\Bin
C Compiler:      Armcc.exe V5.06 update 7 (build 960)
Assembler:       Armasm.exe V5.06 update 7 (build 960)
Linker/Locator:  ArmLink.exe V5.06 update 7 (build 960)
Library Manager: ArmAr.exe V5.06 update 7 (build 960)
Hex Converter:   FromElf.exe V5.06 update 7 (build 960)
CPU DLL:         SARMCM3.DLL V5.35.0.2
Dialog DLL:      DCM.DLL V1.17.3.0
Target DLL:      CMSIS_AGDI.dll V1.33.0.0
Dialog DLL:      TCM.DLL V1.53.0.0
 
<h2>Project:</h2>
C:\Users\DELL\Desktop\BlueContest\_Province\Province_Contect\14.Province\MDK-ARM\14.Province.uvprojx
Project File Date:  03/30/2024

<h2>Output:</h2>
*** Using Compiler 'V5.06 update 7 (build 960)', folder: 'F:\_Keil_5\ARM\ARMCC\Bin'
Rebuild target '14.Province'
assembling startup_stm32g431xx.s...
compiling stm32g4xx_ll_adc.c...
compiling gpio.c...
compiling main.c...
../Core/Src/main.c(178): warning:  #177-D: variable "a"  was declared but never referenced
  	char a;
../Core/Src/main.c(192): warning:  #177-D: variable "s"  was declared but never referenced
  	int s=1;
../Core/Src/main.c(203): warning:  #177-D: variable "s"  was declared but never referenced
  	int s=1;
../Core/Src/main.c: 3 warnings, 0 errors
compiling stm32g4xx_hal_flash_ex.c...
compiling stm32g4xx_hal_flash.c...
compiling stm32g4xx_hal_flash_ramfunc.c...
compiling stm32g4xx_it.c...
compiling tim.c...
compiling stm32g4xx_hal_adc.c...
compiling adc.c...
compiling stm32g4xx_hal_rcc.c...
compiling stm32g4xx_hal_msp.c...
compiling stm32g4xx_hal_gpio.c...
compiling stm32g4xx_hal.c...
compiling stm32g4xx_hal_adc_ex.c...
compiling stm32g4xx_hal_rcc_ex.c...
compiling stm32g4xx_hal_exti.c...
compiling system_stm32g4xx.c...
compiling lcd.c...
compiling stm32g4xx_hal_pwr_ex.c...
compiling stm32g4xx_hal_pwr.c...
compiling stm32g4xx_hal_cortex.c...
compiling stm32g4xx_hal_dma_ex.c...
compiling interrupt.c...
compiling stm32g4xx_hal_dma.c...
compiling stm32g4xx_hal_tim_ex.c...
compiling stm32g4xx_hal_tim.c...
linking...
Program Size: Code=18940 RO-data=5080 RW-data=104 ZI-data=1376  
FromELF: creating hex file...
"14.Province\14Province.axf" - 0 Error(s), 3 Warning(s).

<h2>Software Packages used:</h2>

Package Vendor: ARM
                http://www.keil.com/pack/ARM.CMSIS.5.8.0.pack
                ARM.CMSIS.5.8.0
                CMSIS (Common Microcontroller Software Interface Standard)
   * Component: CORE Version: 5.5.0

Package Vendor: Keil
                https://www.keil.com/pack/Keil.STM32G4xx_DFP.1.5.0.pack
                Keil.STM32G4xx_DFP.1.5.0
                STMicroelectronics STM32G4 Series Device Support, Drivers and Examples

<h2>Collection of Component include folders:</h2>
  .\RTE\_14.Province
  F:\_Keil_5\ARM\CMSIS\5.8.0\CMSIS\Core\Include
  F:\_Keil_5\Keil\STM32G4xx_DFP\1.5.0\Drivers\CMSIS\Device\ST\STM32G4xx\Include

<h2>Collection of Component Files used:</h2>

   * Component: ARM::CMSIS:CORE:5.5.0
      Include file:  CMSIS\Core\Include\tz_context.h
Build Time Elapsed:  00:00:15
</pre>
</body>
</html>
